// Jest Snapshot v1, https://goo.gl/fbAQLP

exports[`<GridSection /> should render 1`] = `
.c3 {
  color: #0a1128;
  font-size: 24px;
  text-transform: uppercase;
  min-width: 200px;
}

.c3 > a img {
  margin: 0 auto;
}

.c7 {
  color: #0a1128;
  font-size: 16px;
  text-transform: none;
  min-width: 200px;
}

.c7 > a img {
  margin: 0 auto;
}

.c1 {
  max-width: 1140px;
  margin: 0 auto;
}

.c5 {
  counter-reset: grid-counter;
  display: grid;
  grid-template-columns: repeat(auto-fill,minmax(280px,1fr));
  gap: 20px;
  padding: 30px 0;
}

.c6 .c2 {
  position: relative;
  left: 35px;
  margin-bottom: 10px;
}

.c6 .c2::before {
  counter-increment: grid-counter;
  content: counter(grid-counter);
  position: absolute;
  font-size: 30px;
  top: -1rem;
  left: -3rem;
  -webkit-transform: rotate(5deg);
  -ms-transform: rotate(5deg);
  transform: rotate(5deg);
}

.c0 {
  background: #fff;
  color: #0a1128;
  min-height: 100vh;
  display: -webkit-box;
  display: -webkit-flex;
  display: -ms-flexbox;
  display: flex;
  -webkit-align-items: center;
  -webkit-box-align: center;
  -ms-flex-align: center;
  align-items: center;
  padding: 15px;
}

.c4 {
  font-size: 16px;
}

@media (max-width:768px) {
  .c3 {
    font-size: 16px;
  }
}

@media (max-width:768px) {
  .c3 {
    margin: 15px 0;
  }
}

@media (max-width:768px) {
  .c7 {
    margin: 15px 0;
  }
}

<div>
  <div
    class="c0"
    id="id-3185-919111707236"
  >
    <div
      class="c1"
    >
      <h1
        class="c2 c3"
      >
        My Grid
      </h1>
      <div
        class="c4"
      >
        Lorem ipsum dolor sit amet, consectetur adipiscing elit, sed do eiusmod tempor incididunt ut labore et dolore magna aliqua. Ut enim ad minim veniam, quis nostrud exercitation ullamco laboris nisi ut aliquip ex ea commodo consequat
      </div>
      <div
        class="c5"
      >
        <div
          class="c6"
        >
          <h3
            class="c2 c7"
          >
            Teste 1
          </h3>
          <div
            class="c4"
          >
            Sed ut perspiciatis unde omnis iste natus error sit voluptatem accusantium doloremque laudantium, totam rem aperiam, eaque ipsa quae ab illo inventore veritatis et quasi architecto beatae vitae dicta sunt explicabo. Nemo enim ipsam voluptatem quia voluptas sit aspernatur aut odit aut fugit, sed quia consequuntur magni dolores eos qui ratione voluptatem sequi nesciunt.
          </div>
        </div>
        <div
          class="c6"
        >
          <h3
            class="c2 c7"
          >
            Teste 2
          </h3>
          <div
            class="c4"
          >
            Sed ut perspiciatis unde omnis iste natus error sit voluptatem accusantium doloremque laudantium, totam rem aperiam, eaque ipsa quae ab illo inventore veritatis et quasi architecto beatae vitae dicta sunt explicabo. Nemo enim ipsam voluptatem quia voluptas sit aspernatur aut odit aut fugit, sed quia consequuntur magni dolores eos qui ratione voluptatem sequi nesciunt.
          </div>
        </div>
        <div
          class="c6"
        >
          <h3
            class="c2 c7"
          >
            Teste 3
          </h3>
          <div
            class="c4"
          >
            Sed ut perspiciatis unde omnis iste natus error sit voluptatem accusantium doloremque laudantium, totam rem aperiam, eaque ipsa quae ab illo inventore veritatis et quasi architecto beatae vitae dicta sunt explicabo. Nemo enim ipsam voluptatem quia voluptas sit aspernatur aut odit aut fugit, sed quia consequuntur magni dolores eos qui ratione voluptatem sequi nesciunt.
          </div>
        </div>
      </div>
    </div>
  </div>
</div>
`;
