// Jest Snapshot v1, https://goo.gl/fbAQLP

exports[`<LogoLink /> should match snapshot 1`] = `
.c1 {
  -webkit-text-decoration: none;
  text-decoration: none;
  color: inherit;
  display: -webkit-box;
  display: -webkit-flex;
  display: -ms-flexbox;
  display: flex;
  -webkit-align-items: center;
  -webkit-box-align: center;
  -ms-flex-align: center;
  align-items: center;
}

.c1 > img {
  max-height: 3rem;
}

.c0 {
  color: #0a1128;
  font-size: 16px;
  text-transform: uppercase;
  min-width: 200px;
}

.c0 > a img {
  margin: 0 auto;
}

@media (max-width:768px) {
  .c0 {
    margin: 15px 0;
  }
}

<h1
  class="c0"
>
  <a
    class="c1"
    href="#target"
  >
    <img
      alt="OlÃ¡, mundo!"
      src="image.jpg"
    />
  </a>
</h1>
`;
