// Jest Snapshot v1, https://goo.gl/fbAQLP

exports[`<SectionComponent /> should render 1`] = `
.c0 {
  max-width: 1200px;
  margin: 0 auto;
  padding: 20px;
}

<div>
  <div
    class="c0"
  >
    SectionComponent
  </div>
</div>
`;
