// Jest Snapshot v1, https://goo.gl/fbAQLP

exports[`<Footer /> should render 1`] = `
.c2 {
  font-size: 16px;
}

.c0 {
  text-align: center;
  border-top: 1px solid rgba(0,0,0,.3);
}

.c0 a {
  color: inherit;
  -webkit-text-decoration: none;
  text-decoration: none;
}

.c0 .c1 {
  font-size: 12px;
}

<div>
  <div
    class="c0"
  >
    <div
      class="c1 c2"
    >
      <h1>
        Footer
      </h1>
    </div>
  </div>
</div>
`;
