// Jest Snapshot v1, https://goo.gl/fbAQLP

exports[`<GridTwoColumns /> should render 1`] = `
.c3 {
  color: #0a1128;
  font-size: 24px;
  text-transform: uppercase;
  min-width: 200px;
}

.c3 > a img {
  margin: 0 auto;
}

.c1 {
  display: grid;
  grid-template-columns: 1fr 2fr;
  gap: 20px;
  -webkit-align-items: center;
  -webkit-box-align: center;
  -ms-flex-align: center;
  align-items: center;
  padding: 25px;
}

.c1 .c2 {
  margin-bottom: 20px;
  text-align: center;
  background: none !important;
  color: #0a1128;
}

.c5 {
  text-align: center;
}

.c6 {
  max-width: 600px;
}

.c0 {
  background: #fff;
  color: #0a1128;
  min-height: 100vh;
  display: -webkit-box;
  display: -webkit-flex;
  display: -ms-flexbox;
  display: flex;
  -webkit-align-items: center;
  -webkit-box-align: center;
  -ms-flex-align: center;
  align-items: center;
  padding: 15px;
}

.c4 {
  font-size: 16px;
}

@media (max-width:768px) {
  .c3 {
    font-size: 16px;
  }
}

@media (max-width:768px) {
  .c3 {
    margin: 15px 0;
  }
}

@media (max-width:768px) {
  .c1 {
    grid-template-columns: 1fr;
  }
}

@media (max-width:768px) {
  .c6 {
    max-width: 300px;
  }
}

<div>
  <div
    class="c0"
    id="id-6292-996658418783"
  >
    <div
      class="c1"
    >
      <div
        class=""
      >
        <h2
          class="c2 c3"
        >
          GridTwoColumns
        </h2>
        <div
          class="c4"
        >
          Lorem ipsum dolor, sit amet consectetur adipisicing elit. Dolores veniam ducimus praesentium dolore laborum hic. At, tenetur vitae necessitatibus pariatur corrupti praesentium sit perspiciatis, eveniet repellendus possimus dicta labore consequatur.
        </div>
      </div>
      <div
        class="c5"
      >
        <img
          alt="Imagem"
          class="c6"
          src="http://localhost:1337assets/images/html_css_js.svg"
        />
      </div>
    </div>
  </div>
</div>
`;
